
SQL*Plus: Release 10.2.0.1.0 - Production on Fri May 30 10:03:43 2025

Copyright (c) 1982, 2005, Oracle.  All rights reserved.

SQL> conn;
Enter user-name: system
Enter password:
Connected.
SQL> select * from tab;

TNAME                          TABTYPE  CLUSTERID
------------------------------ ------- ----------
SYSCATALOG                     SYNONYM
CATALOG                        SYNONYM
TAB                            SYNONYM
COL                            SYNONYM
TABQUOTAS                      SYNONYM
SYSFILES                       SYNONYM
PUBLICSYN                      SYNONYM
MVIEW$_ADV_WORKLOAD            TABLE
MVIEW$_ADV_BASETABLE           TABLE
MVIEW$_ADV_SQLDEPEND           TABLE
MVIEW$_ADV_PRETTY              TABLE

TNAME                          TABTYPE  CLUSTERID
------------------------------ ------- ----------
MVIEW$_ADV_TEMP                TABLE
MVIEW$_ADV_FILTER              TABLE
MVIEW$_ADV_LOG                 TABLE
MVIEW$_ADV_FILTERINSTANCE      TABLE
MVIEW$_ADV_LEVEL               TABLE
MVIEW$_ADV_ROLLUP              TABLE
MVIEW$_ADV_AJG                 TABLE
MVIEW$_ADV_FJG                 TABLE
MVIEW$_ADV_GC                  TABLE
MVIEW$_ADV_CLIQUE              TABLE
MVIEW$_ADV_ELIGIBLE            TABLE

TNAME                          TABTYPE  CLUSTERID
------------------------------ ------- ----------
MVIEW$_ADV_OUTPUT              TABLE
MVIEW$_ADV_EXCEPTIONS          TABLE
MVIEW$_ADV_PARAMETERS          TABLE
MVIEW$_ADV_INFO                TABLE
MVIEW$_ADV_JOURNAL             TABLE
MVIEW$_ADV_PLAN                TABLE
MVIEW_WORKLOAD                 VIEW
MVIEW_FILTER                   VIEW
MVIEW_LOG                      VIEW
MVIEW_FILTERINSTANCE           VIEW
MVIEW_RECOMMENDATIONS          VIEW

TNAME                          TABTYPE  CLUSTERID
------------------------------ ------- ----------
MVIEW_EVALUATIONS              VIEW
MVIEW_EXCEPTIONS               VIEW
AQ$_QUEUE_TABLES               TABLE
AQ$_QUEUES                     TABLE
AQ$_SCHEDULES                  TABLE
AQ$_INTERNET_AGENTS            TABLE
AQ$_INTERNET_AGENT_PRIVS       TABLE
DEF$_AQCALL                    TABLE
DEF$_AQERROR                   TABLE
AQ$_DEF$_AQCALL_F              VIEW
AQ$DEF$_AQCALL                 VIEW

TNAME                          TABTYPE  CLUSTERID
------------------------------ ------- ----------
DEF$_ERROR                     TABLE
AQ$_DEF$_AQERROR_F             VIEW
AQ$DEF$_AQERROR                VIEW
DEF$_DESTINATION               TABLE
DEF$_CALLDEST                  TABLE
DEF$_DEFAULTDEST               TABLE
DEF$_LOB                       TABLE
DEF$_TEMP$LOB                  TABLE
DEF$_PROPAGATOR                TABLE
DEF$_ORIGIN                    TABLE
DEF$_PUSHED_TRANSACTIONS       TABLE

TNAME                          TABTYPE  CLUSTERID
------------------------------ ------- ----------
OL$                            TABLE
OL$HINTS                       TABLE
OL$NODES                       TABLE
LOGMNR_SESSION_EVOLVE$         TABLE
LOGMNR_HEADER1$                TABLE
LOGMNR_HEADER2$                TABLE
LOGMNR_UID$                    TABLE
LOGMNRC_DBNAME_UID_MAP         TABLE
LOGMNR_DICTSTATE$              TABLE
LOGMNR_DICTIONARY$             TABLE
LOGMNR_OBJ$                    TABLE

TNAME                          TABTYPE  CLUSTERID
------------------------------ ------- ----------
LOGMNR_USER$                   TABLE
LOGMNRC_GTLO                   TABLE
LOGMNRC_GTCS                   TABLE
LOGMNRC_GSII                   TABLE
LOGMNR_TAB$                    TABLE
LOGMNR_COL$                    TABLE
LOGMNR_ATTRCOL$                TABLE
LOGMNR_TS$                     TABLE
LOGMNR_IND$                    TABLE
LOGMNR_TABPART$                TABLE
LOGMNR_TABSUBPART$             TABLE

TNAME                          TABTYPE  CLUSTERID
------------------------------ ------- ----------
LOGMNR_TABCOMPART$             TABLE
LOGMNR_TYPE$                   TABLE
LOGMNR_COLTYPE$                TABLE
LOGMNR_ATTRIBUTE$              TABLE
LOGMNR_LOB$                    TABLE
LOGMNR_CDEF$                   TABLE
LOGMNR_CCOL$                   TABLE
LOGMNR_ICOL$                   TABLE
LOGMNR_LOBFRAG$                TABLE
LOGMNR_INDPART$                TABLE
LOGMNR_INDSUBPART$             TABLE

TNAME                          TABTYPE  CLUSTERID
------------------------------ ------- ----------
LOGMNR_INDCOMPART$             TABLE
LOGMNRP_CTAS_PART_MAP          TABLE
LOGMNRT_MDDL$                  TABLE
LOGMNR_LOG$                    TABLE
LOGMNR_PROCESSED_LOG$          TABLE
LOGMNR_SPILL$                  TABLE
LOGMNR_AGE_SPILL$              TABLE
LOGMNR_RESTART_CKPT_TXINFO$    TABLE
LOGMNR_ERROR$                  TABLE
LOGMNR_RESTART_CKPT$           TABLE
LOGMNR_FILTER$                 TABLE

TNAME                          TABTYPE  CLUSTERID
------------------------------ ------- ----------
LOGMNR_PARAMETER$              TABLE
LOGMNR_SESSION$                TABLE
LOGSTDBY$PARAMETERS            TABLE
LOGSTDBY$EVENTS                TABLE
LOGSTDBY$APPLY_PROGRESS        TABLE
LOGSTDBY$APPLY_MILESTONE       TABLE
LOGSTDBY$SCN                   TABLE
LOGSTDBY$PLSQL                 TABLE
LOGSTDBY$SKIP_TRANSACTION      TABLE
LOGSTDBY$SKIP                  TABLE
LOGSTDBY$SKIP_SUPPORT          TABLE

TNAME                          TABTYPE  CLUSTERID
------------------------------ ------- ----------
LOGSTDBY$HISTORY               TABLE
REPCAT$_REPCAT                 TABLE
REPCAT$_FLAVORS                TABLE
REPCAT$_REPSCHEMA              TABLE
REPCAT$_SNAPGROUP              TABLE
REPCAT$_REPOBJECT              TABLE
REPCAT$_REPCOLUMN              TABLE
REPCAT$_KEY_COLUMNS            TABLE
REPCAT$_GENERATED              TABLE
REPCAT$_REPPROP                TABLE
REPCAT$_REPCATLOG              TABLE

TNAME                          TABTYPE  CLUSTERID
------------------------------ ------- ----------
REPCAT$_DDL                    TABLE
REPCAT$_REPGROUP_PRIVS         TABLE
REPCAT$_PRIORITY_GROUP         TABLE
REPCAT$_PRIORITY               TABLE
REPCAT$_COLUMN_GROUP           TABLE
REPCAT$_GROUPED_COLUMN         TABLE
REPCAT$_CONFLICT               TABLE
REPCAT$_RESOLUTION_METHOD      TABLE
REPCAT$_RESOLUTION             TABLE
REPCAT$_RESOLUTION_STATISTICS  TABLE
REPCAT$_RESOL_STATS_CONTROL    TABLE

TNAME                          TABTYPE  CLUSTERID
------------------------------ ------- ----------
REPCAT$_PARAMETER_COLUMN       TABLE
REPCAT$_AUDIT_ATTRIBUTE        TABLE
REPCAT$_AUDIT_COLUMN           TABLE
REPCAT$_FLAVOR_OBJECTS         TABLE
REPCAT$_TEMPLATE_STATUS        TABLE
REPCAT$_TEMPLATE_TYPES         TABLE
REPCAT$_REFRESH_TEMPLATES      TABLE
REPCAT$_USER_AUTHORIZATIONS    TABLE
REPCAT$_OBJECT_TYPES           TABLE
REPCAT$_TEMPLATE_REFGROUPS     TABLE
REPCAT$_TEMPLATE_OBJECTS       TABLE

TNAME                          TABTYPE  CLUSTERID
------------------------------ ------- ----------
REPCAT$_TEMPLATE_PARMS         TABLE
REPCAT$_OBJECT_PARMS           TABLE
REPCAT$_USER_PARM_VALUES       TABLE
REPCAT$_TEMPLATE_SITES         TABLE
REPCAT$_SITE_OBJECTS           TABLE
REPCAT$_RUNTIME_PARMS          TABLE
REPCAT$_TEMPLATE_TARGETS       TABLE
REPCAT$_EXCEPTIONS             TABLE
REPCAT$_INSTANTIATION_DDL      TABLE
REPCAT$_EXTENSION              TABLE
REPCAT$_SITES_NEW              TABLE

TNAME                          TABTYPE  CLUSTERID
------------------------------ ------- ----------
X1                             TABLE
UNI                            TABLE
VAR                            TABLE
UNI1                           TABLE
UNI6                           TABLE
UNI7                           TABLE
SQLPLUS_PRODUCT_PROFILE        TABLE
PRODUCT_PRIVS                  VIEW
PRODUCT_USER_PROFILE           SYNONYM
HELP                           TABLE
IJK1                           TABLE

TNAME                          TABTYPE  CLUSTERID
------------------------------ ------- ----------
IJK                            TABLE
IJK16                          TABLE
MOBILE                         TABLE
X                              TABLE
DDL123                         TABLE
SQL123                         TABLE
SQL12                          TABLE
DDL                            TABLE
ADVERTISING                    TABLE
BBSR3                          TABLE
CTTCBBSR1                      TABLE

TNAME                          TABTYPE  CLUSTERID
------------------------------ ------- ----------
BBSR                           TABLE
BBSR1                          TABLE
ABC                            TABLE
SI                             TABLE
GITA12                         TABLE
STUDENT                        TABLE
EMP                            TABLE
STD                            TABLE
EMP123                         TABLE
EMPP124                        TABLE
STD2                           TABLE

TNAME                          TABTYPE  CLUSTERID
------------------------------ ------- ----------
STD3                           TABLE
STD4                           TABLE
STD5                           TABLE
STD6                           TABLE
LAPTOP                         TABLE
L                              TABLE
R                              TABLE
BB6                            VIEW
Z                              TABLE
Z1                             TABLE
K                              TABLE

TNAME                          TABTYPE  CLUSTERID
------------------------------ ------- ----------
K1                             TABLE
OPERATORS                      TABLE
DUPLICATE                      TABLE
OPERATORS1                     TABLE
COPY                           TABLE
OPERATORS3                     VIEW
C1                             TABLE
CTTC1                          TABLE
CTC                            VIEW
BOSS                           VIEW
BOSS1                          VIEW

TNAME                          TABTYPE  CLUSTERID
------------------------------ ------- ----------
ABC1                           TABLE
BB3                            TABLE
GITA                           VIEW
S                              TABLE
HTMLDB_PLAN_TABLE              TABLE
B                              TABLE
B1                             TABLE
B2                             TABLE
B3                             TABLE
CTTC12                         TABLE
DA15                           TABLE

TNAME                          TABTYPE  CLUSTERID
------------------------------ ------- ----------
DA16                           TABLE
STUDENT1                       TABLE
ADV                            TABLE
COPY_STRUCTURE                 TABLE
ADVER                          TABLE
AVD                            TABLE
COPY_TABLE                     TABLE
COPY_TABLE1                    TABLE
CENTRAL                        TABLE
S1                             TABLE
V12                            VIEW

TNAME                          TABTYPE  CLUSTERID
------------------------------ ------- ----------
V1                             VIEW
S12                            TABLE
S14                            TABLE
S15                            TABLE
S16                            TABLE
BB5                            VIEW
IRIS                           TABLE

238 rows selected.

SQL> ---jahfd
SQL> ---Donald chamberlin and raymond boyce in 1974
SQL> wertyuio
SP2-0042: unknown command "wertyuio" - rest of line ignored.
SQL> select * from cttc12;

        ID NAME    DOB
---------- ------- ---------
         1 Sita    12-MAY-25
         2 Mita    13-MAY-25
         4 Tina    14-MAY-25

SQL> create table empl1 (eid varchar2(4),ename varchar2(8),Age number(2),Salary number(5));

Table created.

SQL> desc empl1;
 Name                                      Null?    Type
 ----------------------------------------- -------- ----------------------------
 EID                                                VARCHAR2(4)
 ENAME                                              VARCHAR2(8)
 AGE                                                NUMBER(2)
 SALARY                                             NUMBER(5)

SQL> select * from empl1;

no rows selected

SQL> insert into empl1(eid,ename,age,salary) values ('e001','Abhinesh',23,45000);

1 row created.

SQL> insert into empl1(eid,ename,age,salary) values ('e002','Abhi',28,85000);

1 row created.

SQL> insert into empl1(eid,ename,age,salary) values ('e003','Priyanka',25,55000);

1 row created.

SQL> insert into empl1(eid,ename,age,salary) values ('e004','Sontoshi',26,35000);

1 row created.

SQL> insert into empl1(eid,ename,age,salary) values ('e005','Sushree',27,45000);

1 row created.

SQL> select * from empl1;

EID  ENAME           AGE     SALARY
---- -------- ---------- ----------
e001 Abhinesh         23      45000
e002 Abhi             28      85000
e003 Priyanka         25      55000
e004 Sontoshi         26      35000
e005 Sushree          27      45000

SQL> select eid,ename from empl1;

EID  ENAME
---- --------
e001 Abhinesh
e002 Abhi
e003 Priyanka
e004 Sontoshi
e005 Sushree

SQL> select ename,salary from empl1;

ENAME        SALARY
-------- ----------
Abhinesh      45000
Abhi          85000
Priyanka      55000
Sontoshi      35000
Sushree       45000

SQL> select * from empl1;

EID  ENAME           AGE     SALARY
---- -------- ---------- ----------
e001 Abhinesh         23      45000
e002 Abhi             28      85000
e003 Priyanka         25      55000
e004 Sontoshi         26      35000
e005 Sushree          27      45000

SQL> select eid id,ename name from empl1;

ID   NAME
---- --------
e001 Abhinesh
e002 Abhi
e003 Priyanka
e004 Sontoshi
e005 Sushree

SQL> select eid,ename from empl1;

EID  ENAME
---- --------
e001 Abhinesh
e002 Abhi
e003 Priyanka
e004 Sontoshi
e005 Sushree

SQL> select * from empl1;

EID  ENAME           AGE     SALARY
---- -------- ---------- ----------
e001 Abhinesh         23      45000
e002 Abhi             28      85000
e003 Priyanka         25      55000
e004 Sontoshi         26      35000
e005 Sushree          27      45000

SQL> select ename,age,salary+300 from empl1;

ENAME           AGE SALARY+300
-------- ---------- ----------
Abhinesh         23      45300
Abhi             28      85300
Priyanka         25      55300
Sontoshi         26      35300
Sushree          27      45300

SQL> select * from empl1;

EID  ENAME           AGE     SALARY
---- -------- ---------- ----------
e001 Abhinesh         23      45000
e002 Abhi             28      85000
e003 Priyanka         25      55000
e004 Sontoshi         26      35000
e005 Sushree          27      45000

SQL> select * from empl1 where age=28;

EID  ENAME           AGE     SALARY
---- -------- ---------- ----------
e002 Abhi             28      85000

SQL> select * from empl1 where salary>50000;

EID  ENAME           AGE     SALARY
---- -------- ---------- ----------
e002 Abhi             28      85000
e003 Priyanka         25      55000

SQL> select * from empl1 where salary>40000 and salary<50000;

EID  ENAME           AGE     SALARY
---- -------- ---------- ----------
e001 Abhinesh         23      45000
e005 Sushree          27      45000

SQL> ---like
SQL> ---% all,_ single character
SQL> select * from empl1;

EID  ENAME           AGE     SALARY
---- -------- ---------- ----------
e001 Abhinesh         23      45000
e002 Abhi             28      85000
e003 Priyanka         25      55000
e004 Sontoshi         26      35000
e005 Sushree          27      45000

SQL> select * from empl1 where ename like 'a%';

no rows selected

SQL> select * from empl1 where ename like 'A%';

EID  ENAME           AGE     SALARY
---- -------- ---------- ----------
e001 Abhinesh         23      45000
e002 Abhi             28      85000

SQL> select * from empl1 where ename like '_b%';

EID  ENAME           AGE     SALARY
---- -------- ---------- ----------
e001 Abhinesh         23      45000
e002 Abhi             28      85000

SQL> select * from empl1 where ename like '%i';

EID  ENAME           AGE     SALARY
---- -------- ---------- ----------
e002 Abhi             28      85000
e004 Sontoshi         26      35000

SQL> select * from empl1 where ename like '%h_';

EID  ENAME           AGE     SALARY
---- -------- ---------- ----------
e002 Abhi             28      85000
e004 Sontoshi         26      35000

SQL> ----between
SQL> select * from empl1 where age like '%8';

EID  ENAME           AGE     SALARY
---- -------- ---------- ----------
e002 Abhi             28      85000

SQL> select * from empl1;

EID  ENAME           AGE     SALARY
---- -------- ---------- ----------
e001 Abhinesh         23      45000
e002 Abhi             28      85000
e003 Priyanka         25      55000
e004 Sontoshi         26      35000
e005 Sushree          27      45000

SQL> select * from empl1 where eid between (e002 and e004);
select * from empl1 where eid between (e002 and e004)
                                            *
ERROR at line 1:
ORA-00907: missing right parenthesis


SQL> select * from empl1 where eid between ('e002' and 'e004');
select * from empl1 where eid between ('e002' and 'e004')
                                              *
ERROR at line 1:
ORA-00907: missing right parenthesis


SQL> select * from empl1 where eid between 'e002' and 'e004';

EID  ENAME           AGE     SALARY
---- -------- ---------- ----------
e002 Abhi             28      85000
e003 Priyanka         25      55000
e004 Sontoshi         26      35000

SQL> ---in
SQL> select * from empl1 where eid in ('e001','e004');

EID  ENAME           AGE     SALARY
---- -------- ---------- ----------
e001 Abhinesh         23      45000
e004 Sontoshi         26      35000

SQL> ---Duplicate table
SQL> select * from empl1;

EID  ENAME           AGE     SALARY
---- -------- ---------- ----------
e001 Abhinesh         23      45000
e002 Abhi             28      85000
e003 Priyanka         25      55000
e004 Sontoshi         26      35000
e005 Sushree          27      45000

SQL> create table empl2 as select * from empl1;

Table created.

SQL> select * from empl2;

EID  ENAME           AGE     SALARY
---- -------- ---------- ----------
e001 Abhinesh         23      45000
e002 Abhi             28      85000
e003 Priyanka         25      55000
e004 Sontoshi         26      35000
e005 Sushree          27      45000

SQL> --structure
SQL> create table empl3 as select * from empl1 where 1=2;

Table created.

SQL> select * from empl3;

no rows selected

SQL> desc empl3;
 Name                                      Null?    Type
 ----------------------------------------- -------- ----------------------------
 EID                                                VARCHAR2(4)
 ENAME                                              VARCHAR2(8)
 AGE                                                NUMBER(2)
 SALARY                                             NUMBER(5)

SQL> --order by
SQL> select * from empl2 order by ename asc;

EID  ENAME           AGE     SALARY
---- -------- ---------- ----------
e002 Abhi             28      85000
e001 Abhinesh         23      45000
e003 Priyanka         25      55000
e004 Sontoshi         26      35000
e005 Sushree          27      45000

SQL> select * from empl2 order by ename;

EID  ENAME           AGE     SALARY
---- -------- ---------- ----------
e002 Abhi             28      85000
e001 Abhinesh         23      45000
e003 Priyanka         25      55000
e004 Sontoshi         26      35000
e005 Sushree          27      45000

SQL> select * from empl2 order by ename desc;

EID  ENAME           AGE     SALARY
---- -------- ---------- ----------
e005 Sushree          27      45000
e004 Sontoshi         26      35000
e003 Priyanka         25      55000
e001 Abhinesh         23      45000
e002 Abhi             28      85000

SQL> ---Table name rename
SQL> ---rename oldtablename to newtablename
SQL> rename empl2 to empl5;

Table renamed.

SQL> select * from empl2;
select * from empl2
              *
ERROR at line 1:
ORA-00942: table or view does not exist


SQL> select * from empl5;

EID  ENAME           AGE     SALARY
---- -------- ---------- ----------
e001 Abhinesh         23      45000
e002 Abhi             28      85000
e003 Priyanka         25      55000
e004 Sontoshi         26      35000
e005 Sushree          27      45000

SQL> --update
SQL> --update tablename set condition
SQL> update empl5 set salary=salary+300;

5 rows updated.

SQL> select * from empl5;

EID  ENAME           AGE     SALARY
---- -------- ---------- ----------
e001 Abhinesh         23      45300
e002 Abhi             28      85300
e003 Priyanka         25      55300
e004 Sontoshi         26      35300
e005 Sushree          27      45300

SQL> update empl5 set salary=salary+100 where ename='Sontoshi';

1 row updated.

SQL> select * from empl5;

EID  ENAME           AGE     SALARY
---- -------- ---------- ----------
e001 Abhinesh         23      45300
e002 Abhi             28      85300
e003 Priyanka         25      55300
e004 Sontoshi         26      35400
e005 Sushree          27      45300

SQL> update empl5 set salary=salary+500 where ename like 'A%';

2 rows updated.

SQL> select * from empl5;

EID  ENAME           AGE     SALARY
---- -------- ---------- ----------
e001 Abhinesh         23      45800
e002 Abhi             28      85800
e003 Priyanka         25      55300
e004 Sontoshi         26      35400
e005 Sushree          27      45300

SQL> --DROP,DELETE,TRUNCATE
SQL> --DELETE
SQL> delete from empl1;

5 rows deleted.

SQL> select * from empl1;

no rows selected

SQL> select * from empl5;

EID  ENAME           AGE     SALARY
---- -------- ---------- ----------
e001 Abhinesh         23      45800
e002 Abhi             28      85800
e003 Priyanka         25      55300
e004 Sontoshi         26      35400
e005 Sushree          27      45300

SQL> delete from empl5 where ename='Abhi';

1 row deleted.

SQL> select * from empl5;

EID  ENAME           AGE     SALARY
---- -------- ---------- ----------
e001 Abhinesh         23      45800
e003 Priyanka         25      55300
e004 Sontoshi         26      35400
e005 Sushree          27      45300

SQL> ---drop
SQL> create table empl6 as select * from empl5;

Table created.

SQL> ---drop
SQL> drop table empl5;

Table dropped.

SQL> desc empl5;
ERROR:
ORA-04043: object empl5 does not exist


SQL> --truncate
SQL> create table empl7 as select * from empl5;
create table empl7 as select * from empl5
                                    *
ERROR at line 1:
ORA-00942: table or view does not exist


SQL> create table empl7 as select * from empl6;

Table created.

SQL> truncate table empl7;

Table truncated.

SQL> desc empl7;
 Name                                      Null?    Type
 ----------------------------------------- -------- ----------------------------
 EID                                                VARCHAR2(4)
 ENAME                                              VARCHAR2(8)
 AGE                                                NUMBER(2)
 SALARY                                             NUMBER(5)

SQL> ----alt+delete
SQL> ---alt+add columns
SQL> ---alt+rename columnsname
SQL> --alt+modify datatype
SQL> select * from empl7;

no rows selected

SQL> select * from empl6;

EID  ENAME           AGE     SALARY
---- -------- ---------- ----------
e001 Abhinesh         23      45800
e003 Priyanka         25      55300
e004 Sontoshi         26      35400
e005 Sushree          27      45300

SQL> ---alter
SQL> alter table empl6 add address varchar2(10);

Table altered.

SQL> select * from empl6;

EID  ENAME           AGE     SALARY ADDRESS
---- -------- ---------- ---------- ----------
e001 Abhinesh         23      45800
e003 Priyanka         25      55300
e004 Sontoshi         26      35400
e005 Sushree          27      45300

SQL> update table empl6 set address='bbsr';
update table empl6 set address='bbsr'
       *
ERROR at line 1:
ORA-00903: invalid table name


SQL> update empl6 set address='bbsr';

4 rows updated.

SQL> select * from empl6;

EID  ENAME           AGE     SALARY ADDRESS
---- -------- ---------- ---------- ----------
e001 Abhinesh         23      45800 bbsr
e003 Priyanka         25      55300 bbsr
e004 Sontoshi         26      35400 bbsr
e005 Sushree          27      45300 bbsr

SQL> update empl6 set address='ctc' where ename='Priyanka';

1 row updated.

SQL> select * from empl6;

EID  ENAME           AGE     SALARY ADDRESS
---- -------- ---------- ---------- ----------
e001 Abhinesh         23      45800 bbsr
e003 Priyanka         25      55300 ctc
e004 Sontoshi         26      35400 bbsr
e005 Sushree          27      45300 bbsr

SQL> ---alter+rename column_name
SQL> alter table empl6 rename column salary to e_salary;

Table altered.

SQL> select * from empl6;

EID  ENAME           AGE   E_SALARY ADDRESS
---- -------- ---------- ---------- ----------
e001 Abhinesh         23      45800 bbsr
e003 Priyanka         25      55300 ctc
e004 Sontoshi         26      35400 bbsr
e005 Sushree          27      45300 bbsr

SQL> ---alter + drop column
SQL> alter table empl6 frop column address;
alter table empl6 frop column address
                  *
ERROR at line 1:
ORA-01735: invalid ALTER TABLE option


SQL> alter table empl6 drop column address;

Table altered.

SQL> select * from empl6;

EID  ENAME           AGE   E_SALARY
---- -------- ---------- ----------
e001 Abhinesh         23      45800
e003 Priyanka         25      55300
e004 Sontoshi         26      35400
e005 Sushree          27      45300

SQL> alter + modify datatypes
  2  ;
alter + modify datatypes
      *
ERROR at line 1:
ORA-00940: invalid ALTER command


SQL> ----alter + modify datatypes
SQL> select * from empl7;

no rows selected

SQL> desc empl7;
 Name                                      Null?    Type
 ----------------------------------------- -------- ----------------------------
 EID                                                VARCHAR2(4)
 ENAME                                              VARCHAR2(8)
 AGE                                                NUMBER(2)
 SALARY                                             NUMBER(5)

SQL> alter table empl7 modify eid number(4);

Table altered.

SQL> desc empl7;
 Name                                      Null?    Type
 ----------------------------------------- -------- ----------------------------
 EID                                                NUMBER(4)
 ENAME                                              VARCHAR2(8)
 AGE                                                NUMBER(2)
 SALARY                                             NUMBER(5)

SQL> insert into empl7 (&eid,'&ename',&age,&salary);
Enter value for eid: 1
Enter value for ename: sita
Enter value for age: 34
Enter value for salary: 45326
old   1: insert into empl7 (&eid,'&ename',&age,&salary)
new   1: insert into empl7 (1,'sita',34,45326)
insert into empl7 (1,'sita',34,45326)
                   *
ERROR at line 1:
ORA-00928: missing SELECT keyword


SQL> insert into empl7 values (&eid,'&ename',&age,&salary);
Enter value for eid: 1
Enter value for ename: sdaw
Enter value for age: 34
Enter value for salary: 562
old   1: insert into empl7 values (&eid,'&ename',&age,&salary)
new   1: insert into empl7 values (1,'sdaw',34,562)

1 row created.

SQL> set verify off;
SQL> /
Enter value for eid: 2
Enter value for ename: asfg
Enter value for age: 33
Enter value for salary: 3562

1 row created.

SQL> /
Enter value for eid: 3
Enter value for ename: uytg
Enter value for age: 45
Enter value for salary: 234

1 row created.

SQL> select * from empl7;

       EID ENAME           AGE     SALARY
---------- -------- ---------- ----------
         1 sdaw             34        562
         2 asfg             33       3562
         3 uytg             45        234

SQL> commit;

Commit complete.